Microchip MPLAB XC8 Compiler V2.41

Linker command line:

-W-3 \
  --edf=C:/Program Files/Microchip/MPLABX/v6.10/packs/Microchip/PIC16Fxxx_DFP/1.4.149/xc8\pic\dat\20230322214319_en.msgs \
  -cn -h+dist/default/production\Bluetooth.X.production.sym \
  --cmf=dist/default/production\Bluetooth.X.production.cmf -z -Q16F877A \
  -oC:\Users\xboxw\AppData\Local\Temp\xcAs1j0.\driver_tmp_3.o \
  --defsym=__MPLAB_BUILD=1 --fixupoverflow=error \
  -Mdist/default/production/Bluetooth.X.production.map \
  --md=C:\Users\xboxw\AppData\Local\Temp\xcAs1j0.\driver_tmp_0.dat -E1 \
  -ver=XC8 Compiler --acfsm=1493 -ACODE=00h-07FFhx4 -ASTRCODE=00h-01FFFh \
  -ASTRING=00h-0FFhx32 -ACONST=00h-0FFhx32 -AENTRY=00h-0FFhx32 \
  -ACOMMON=070h-07Fh -ABANK0=020h-06Fh -ABANK1=0A0h-0EFh \
  -ABANK2=0110h-016Fh -ABANK3=0190h-01EFh \
  -ARAM=020h-06Fh,0A0h-0EFh,0110h-016Fh,0190h-01EFh \
  -AABS1=020h-07Fh,0A0h-0EFh,0110h-016Fh,0190h-01EFh -ASFR0=00h-01Fh \
  -ASFR1=080h-09Fh -ASFR2=0100h-010Fh -ASFR3=0180h-018Fh \
  -ACONFIG=02007h-02007h -DCONFIG=2 -AIDLOC=02000h-02003h -DIDLOC=2 \
  -AEEDATA=00h-0FFh/02100h -peeprom_data=EEDATA -DEEDATA=2 -DCODE=2 \
  -DSTRCODE=2 -DSTRING=2 -DCONST=2 -DENTRY=2 \
  -preset_vec=00h,intentry=04h,init,end_init -ppowerup=CODE -pcinit=CODE \
  -pfunctab=ENTRY -k \
  C:\Users\xboxw\AppData\Local\Temp\xcAs1j0.\driver_tmp_12.o \
  dist/default/production\Bluetooth.X.production.o 

Object code version is 3.11

Machine type is 16F877A



                Name                               Link     Load   Length Selector   Space Scale
C:\Users\xboxw\AppData\Local\Temp\xcAs1j0.\driver_tmp_12.o
                end_init                              C        C        3        8       0
                reset_vec                             0        0        3        0       0
                config                             2007     2007        1        0       4
dist/default/production\Bluetooth.X.production.o
                cinit                                 F        F       1A        8       0
                intentry                              4        4        8        8       0
                config                             2007     2007        1        0       4
                text5                               167      167        9      24C       0
                text4                                29       29       59        8       0
                text3                               14B      14B       11      24C       0
                text2                               15C      15C        B      24C       0
                text1                                82       82       43        8       0
                maintext                             C5       C5       3E        8       0
                cstackBANK0                          32       32        7       20       1
                cstackCOMMON                         70       70        8       70       1
                inittext                            126      126       13      24C       0
                dataBANK0                            20       20       12       20       1
                bssBANK0                             39       39        2       20       1
                dataCOMMON                           78       78        1       70       1
                strings                             103      103       23      206       0
                idataBANK0                          139      139       12      24C       0
                idataCOMMON                         170      170        1      24C       0

TOTAL           Name                               Link     Load   Length     Space
        CLASS   CODE           
                end_init                              C        C        3         0
                cinit                                 F        F       1A         0
                intentry                              4        4        8         0
                reset_vec                             0        0        3         0
                text5                               167      167        9         0
                text4                                29       29       59         0
                text3                               14B      14B       11         0
                text2                               15C      15C        B         0
                text1                                82       82       43         0
                maintext                             C5       C5       3E         0
                inittext                            126      126       13         0
                idataBANK0                          139      139       12         0
                idataCOMMON                         170      170        1         0

        CLASS   STRCODE        

        CLASS   STRING         
                strings                             103      103       23         0

        CLASS   CONST          

        CLASS   ENTRY          

        CLASS   COMMON         
                cstackCOMMON                         70       70        8         1
                dataCOMMON                           78       78        1         1

        CLASS   BANK0          
                cstackBANK0                          32       32        7         1
                dataBANK0                            20       20       12         1
                bssBANK0                             39       39        2         1

        CLASS   BANK1          

        CLASS   BANK2          

        CLASS   BANK3          

        CLASS   RAM            

        CLASS   ABS1           
                abs_s1                               7E       7E        2         1

        CLASS   SFR0           

        CLASS   SFR1           

        CLASS   SFR2           

        CLASS   SFR3           

        CLASS   CONFIG         
                config                             2007     2007        1         4

        CLASS   IDLOC          

        CLASS   EEDATA         

        CLASS   STACK          



SEGMENTS        Name                           Load    Length   Top    Selector   Space  Class     Delta

                reset_vec                      000000  000003  000003         0       0  CODE        2
                intentry                       000004  0000FF  000103         8       0  CODE        2
                dataBANK0                      000020  00001B  00003B        20       1  BANK0       1
                cstackCOMMON                   000070  000009  000079        70       1  COMMON      1
                strings                        000103  000023  000126       206       0  STRING      2
                inittext                       000126  00004B  000171       24C       0  CODE        2


UNUSED ADDRESS RANGES

        Name                Unused          Largest block    Delta
        BANK0            003B-006F             35           1
        BANK1            00A0-00EF             50           1
        BANK2            0110-016F             60           1
        BANK3            0190-01EF             60           1
        CODE             0003-0003              1           2
                         0171-1FFF            800
        COMMON           0079-007D              5           1
        CONST            0003-0003              1           2
                         0171-1FFF            100
        EEDATA           2100-21FF            100           2
        ENTRY            0003-0003              1           2
                         0171-1FFF            100
        IDLOC            2000-2003              4           2
        RAM              003B-006F             35           1
                         00A0-00EF             50
                         0110-016F             60
                         0190-01EF             60
        SFR0             0000-001F             20           1
        SFR1             0080-009F             20           1
        SFR2             0100-010F             10           1
        SFR3             0180-018F             10           1
        STRCODE          0003-0003              1           2
                         0171-1FFF           1E8F
        STRING           0003-0003              1           2
                         0171-1FFF            100

                                  Symbol Table

UART_Transmit_Char@a          cstackCOMMON 0075
UART_Transmit_String@a        cstackBANK0  0032
UART_Transmit_String@i        cstackCOMMON 0076
UART_Transmit_String@size     cstackBANK0  0034
_BRGH                         (abs)        04C2
_CREN                         (abs)        00C4
_GIE                          (abs)        005F
_INTCON                       (abs)        000B
_INTE                         (abs)        005C
_INTF                         (abs)        0059
_ISR                          text4        0029
_PEIE                         (abs)        005E
_PIE1                         (abs)        008C
_PORTB                        (abs)        0006
_PORTBbits                    (abs)        0006
_RCIE                         (abs)        0465
_RCIF                         (abs)        0065
_RCREG                        (abs)        001A
_RCSTA                        (abs)        0018
_SPBRG                        (abs)        0099
_SPEN                         (abs)        00C7
_SYNC                         (abs)        04C4
_TRISB                        (abs)        0086
_TRISC6                       (abs)        043E
_TRISC7                       (abs)        043F
_TXIF                         (abs)        0064
_TXREG                        (abs)        0019
_TXSTA                        (abs)        0098
_UART_Init                    text3        014B
_UART_RX_Buffer               dataCOMMON   0078
_UART_Receive                 text5        0167
_UART_Transmit_Char           text2        015C
_UART_Transmit_String         text1        0082
__H__absolute__               __absolute__ 0000
__Habs1                       abs1         0000
__Hbank0                      bank0        0000
__Hbank1                      bank1        0000
__Hbank2                      bank2        0000
__Hbank3                      bank3        0000
__HbssBANK0                   bssBANK0     0000
__Hcinit                      cinit        0029
__Hclrtext                    clrtext      0000
__Hcode                       code         0000
__Hcommon                     common       0000
__Hconfig                     config       2008
__HcstackBANK0                cstackBANK0  0000
__HcstackCOMMON               cstackCOMMON 0000
__HdataBANK0                  dataBANK0    0000
__HdataCOMMON                 dataCOMMON   0000
__Heeprom_data                eeprom_data  0000
__Hend_init                   end_init     000F
__Hfunctab                    functab      0000
__HidataBANK0                 idataBANK0   0000
__HidataCOMMON                idataCOMMON  0000
__Hinit                       init         000C
__Hinittext                   inittext     0000
__Hintentry                   intentry     000C
__Hmaintext                   maintext     0000
__Hpowerup                    powerup      0000
__Hram                        ram          0000
__Hreset_vec                  reset_vec    0003
__Hsfr0                       sfr0         0000
__Hsfr1                       sfr1         0000
__Hsfr2                       sfr2         0000
__Hsfr3                       sfr3         0000
__Hspace_0                    (abs)        0171
__Hspace_1                    (abs)        0079
__Hspace_2                    (abs)        0000
__Hspace_3                    (abs)        0000
__Hspace_4                    (abs)        400F
__Hstack                      stack        0000
__Hstrings                    strings      0000
__Htext                       text         0000
__L__absolute__               __absolute__ 0000
__Labs1                       abs1         0000
__Lbank0                      bank0        0000
__Lbank1                      bank1        0000
__Lbank2                      bank2        0000
__Lbank3                      bank3        0000
__LbssBANK0                   bssBANK0     0000
__Lcinit                      cinit        000F
__Lclrtext                    clrtext      0000
__Lcode                       code         0000
__Lcommon                     common       0000
__Lconfig                     config       0000
__LcstackBANK0                cstackBANK0  0000
__LcstackCOMMON               cstackCOMMON 0000
__LdataBANK0                  dataBANK0    0000
__LdataCOMMON                 dataCOMMON   0000
__Leeprom_data                eeprom_data  0000
__Lend_init                   end_init     000C
__Lfunctab                    functab      0000
__LidataBANK0                 idataBANK0   0000
__LidataCOMMON                idataCOMMON  0000
__Linit                       init         000C
__Linittext                   inittext     0000
__Lintentry                   intentry     0004
__Lmaintext                   maintext     0000
__Lpowerup                    powerup      0000
__Lram                        ram          0000
__Lreset_vec                  reset_vec    0000
__Lsfr0                       sfr0         0000
__Lsfr1                       sfr1         0000
__Lsfr2                       sfr2         0000
__Lsfr3                       sfr3         0000
__Lspace_0                    (abs)        0000
__Lspace_1                    (abs)        0000
__Lspace_2                    (abs)        0000
__Lspace_3                    (abs)        0000
__Lspace_4                    (abs)        0000
__Lstack                      stack        0000
__Lstrings                    strings      0000
__Ltext                       text         0000
__S0                          (abs)        0171
__S1                          (abs)        0079
__S3                          (abs)        0000
___int_sp                     stack        0000
___latbits                    (abs)        0002
___sp                         stack        0000
___stackhi                    (abs)        0000
___stacklo                    (abs)        0000
__end_of_ISR                  text4        0082
__end_of_UART_Init            text3        015C
__end_of_UART_Receive         text5        0170
__end_of_UART_Transmit_Char   text2        0167
__end_of_UART_Transmit_String text1        00C5
__end_of__initialization      cinit        0025
__end_of__stringtab           strings      0113
__end_of_main                 maintext     0103
__initialization              cinit        000F
__pbssBANK0                   bssBANK0     0039
__pcstackBANK0                cstackBANK0  0032
__pcstackCOMMON               cstackCOMMON 0070
__pdataBANK0                  dataBANK0    0020
__pdataCOMMON                 dataCOMMON   0078
__pidataBANK0                 idataBANK0   0139
__pidataCOMMON                idataCOMMON  0170
__pintentry                   intentry     0004
__pmaintext                   maintext     00C5
__pstrings                    strings      0103
__ptext1                      text1        0082
__ptext2                      text2        015C
__ptext3                      text3        014B
__ptext4                      text4        0029
__ptext5                      text5        0167
__stringbase                  strings      0112
__stringtab                   strings      0103
_estado                       bssBANK0     003A
_estado_botao                 bssBANK0     0039
_main                         maintext     00C5
_str                          dataBANK0    0020
btemp                         (abs)        007E
end_of_initialization         cinit        0025
init_fetch0                   inittext     0126
init_ram0                     inittext     012A
interrupt_function            intentry     0004
intlevel0                     functab      0000
intlevel1                     functab      0000
intlevel2                     functab      0000
intlevel3                     functab      0000
intlevel4                     functab      0000
intlevel5                     functab      0000
reset_vec                     reset_vec    0000
saved_w                       (abs)        007E
start                         init         000C
start_initialization          cinit        000F
wtemp0                        (abs)        007E


MODULE INFORMATION

Module		Function		Class		Link	Load	Size
newmain.c
		_ISR           		CODE           	0029	0000	89
		_UART_Receive  		CODE           	0167	0000	9
		_UART_Init     		CODE           	014B	0000	17
		_main          		CODE           	00C5	0000	62
		_UART_Transmit_Char		CODE           	015C	0000	11
		_UART_Transmit_String		CODE           	0082	0000	67

newmain.c estimated size: 255

shared
		__stringtab    		STRING         	0103	0000	16
		__initialization		CODE           	000F	0000	22

shared estimated size: 38

