Microchip MPLAB XC8 Compiler V2.41

Linker command line:

-W-3 \
  --edf=C:/Program Files/Microchip/MPLABX/v6.10/packs/Microchip/PIC16Fxxx_DFP/1.4.149/xc8\pic\dat\20230322214319_en.msgs \
  -cn -h+dist/default/production\Bluetooth.X.production.sym \
  --cmf=dist/default/production\Bluetooth.X.production.cmf -z -Q16F877A \
  -oC:\Users\xboxw\AppData\Local\Temp\xcAs1ps.\driver_tmp_3.o \
  --defsym=__MPLAB_BUILD=1 --fixupoverflow=error \
  -Mdist/default/production/Bluetooth.X.production.map \
  --md=C:\Users\xboxw\AppData\Local\Temp\xcAs1ps.\driver_tmp_0.dat -E1 \
  -ver=XC8 Compiler --acfsm=1493 -ACODE=00h-07FFhx4 -ASTRCODE=00h-01FFFh \
  -ASTRING=00h-0FFhx32 -ACONST=00h-0FFhx32 -AENTRY=00h-0FFhx32 \
  -ACOMMON=070h-07Fh -ABANK0=020h-06Fh -ABANK1=0A0h-0EFh \
  -ABANK2=0110h-016Fh -ABANK3=0190h-01EFh \
  -ARAM=020h-06Fh,0A0h-0EFh,0110h-016Fh,0190h-01EFh \
  -AABS1=020h-07Fh,0A0h-0EFh,0110h-016Fh,0190h-01EFh -ASFR0=00h-01Fh \
  -ASFR1=080h-09Fh -ASFR2=0100h-010Fh -ASFR3=0180h-018Fh \
  -ACONFIG=02007h-02007h -DCONFIG=2 -AIDLOC=02000h-02003h -DIDLOC=2 \
  -AEEDATA=00h-0FFh/02100h -peeprom_data=EEDATA -DEEDATA=2 -DCODE=2 \
  -DSTRCODE=2 -DSTRING=2 -DCONST=2 -DENTRY=2 \
  -preset_vec=00h,intentry=04h,init,end_init -ppowerup=CODE -pcinit=CODE \
  -pfunctab=ENTRY -k \
  C:\Users\xboxw\AppData\Local\Temp\xcAs1ps.\driver_tmp_12.o \
  dist/default/production\Bluetooth.X.production.o 

Object code version is 3.11

Machine type is 16F877A



                Name                               Link     Load   Length Selector   Space Scale
C:\Users\xboxw\AppData\Local\Temp\xcAs1ps.\driver_tmp_12.o
                end_init                              C        C        3        8       0
                reset_vec                             0        0        3        0       0
                config                             2007     2007        1        0       4
dist/default/production\Bluetooth.X.production.o
                cinit                                 F        F        B        8       0
                intentry                              4        4        8        8       0
                config                             2007     2007        1        0       4
                text4                                94       94       10      128       0
                text3                                6E       6E       16        8       0
                text2                                A4       A4        B      128       0
                text1                                1A       1A       2E        8       0
                maintext                             48       48       26        8       0
                cstackBANK0                          20       20        3       20       1
                cstackCOMMON                         70       70        A       70       1
                dataCOMMON                           7B       7B        1       70       1
                bssCOMMON                            7A       7A        1       70       1
                strings                              84       84       10      108       0
                idataCOMMON                          AF       AF        1      128       0

TOTAL           Name                               Link     Load   Length     Space
        CLASS   CODE           
                end_init                              C        C        3         0
                cinit                                 F        F        B         0
                intentry                              4        4        8         0
                reset_vec                             0        0        3         0
                text4                                94       94       10         0
                text3                                6E       6E       16         0
                text2                                A4       A4        B         0
                text1                                1A       1A       2E         0
                maintext                             48       48       26         0
                idataCOMMON                          AF       AF        1         0

        CLASS   STRCODE        

        CLASS   STRING         
                strings                              84       84       10         0

        CLASS   CONST          

        CLASS   ENTRY          

        CLASS   COMMON         
                cstackCOMMON                         70       70        A         1
                dataCOMMON                           7B       7B        1         1
                bssCOMMON                            7A       7A        1         1

        CLASS   BANK0          
                cstackBANK0                          20       20        3         1

        CLASS   BANK1          

        CLASS   BANK2          

        CLASS   BANK3          

        CLASS   RAM            

        CLASS   ABS1           
                abs_s1                               7E       7E        2         1

        CLASS   SFR0           

        CLASS   SFR1           

        CLASS   SFR2           

        CLASS   SFR3           

        CLASS   CONFIG         
                config                             2007     2007        1         4

        CLASS   IDLOC          

        CLASS   EEDATA         

        CLASS   STACK          



SEGMENTS        Name                           Load    Length   Top    Selector   Space  Class     Delta

                reset_vec                      000000  000003  000003         0       0  CODE        2
                intentry                       000004  000080  000084         8       0  CODE        2
                cstackBANK0                    000020  000003  000023        20       1  BANK0       1
                cstackCOMMON                   000070  00000C  00007C        70       1  COMMON      1
                strings                        000084  000010  000094       108       0  STRING      2
                text4                          000094  00001C  0000B0       128       0  CODE        2


UNUSED ADDRESS RANGES

        Name                Unused          Largest block    Delta
        BANK0            0023-006F             4D           1
        BANK1            00A0-00EF             50           1
        BANK2            0110-016F             60           1
        BANK3            0190-01EF             60           1
        CODE             0003-0003              1           2
                         00B0-1FFF            800
        COMMON           007C-007D              2           1
        CONST            0003-0003              1           2
                         00B0-1FFF            100
        EEDATA           2100-21FF            100           2
        ENTRY            0003-0003              1           2
                         00B0-1FFF            100
        IDLOC            2000-2003              4           2
        RAM              0023-006F             4D           1
                         00A0-00EF             50
                         0110-016F             60
                         0190-01EF             60
        SFR0             0000-001F             20           1
        SFR1             0080-009F             20           1
        SFR2             0100-010F             10           1
        SFR3             0180-018F             10           1
        STRCODE          0003-0003              1           2
                         00B0-1FFF           1F50
        STRING           0003-0003              1           2
                         00B0-1FFF            100

                                  Symbol Table

UART_Transmit_Char@a          cstackCOMMON 0072
UART_Transmit_String@a        cstackCOMMON 0077
UART_Transmit_String@i        cstackCOMMON 0078
UART_Transmit_String@size     cstackCOMMON 0073
_BRGH                         (abs)        04C2
_CREN                         (abs)        00C4
_GIE                          (abs)        005F
_ISR                          text4        0094
_PEIE                         (abs)        005E
_PIR1bits                     (abs)        000C
_RCIE                         (abs)        0465
_RCIF                         (abs)        0065
_RCREG                        (abs)        001A
_RCSTA                        (abs)        0018
_SPBRG                        (abs)        0099
_SPEN                         (abs)        00C7
_SYNC                         (abs)        04C4
_TRISC6                       (abs)        043E
_TRISC7                       (abs)        043F
_TRISD                        (abs)        0088
_TXIF                         (abs)        0064
_TXREG                        (abs)        0019
_TXSTA                        (abs)        0098
_UART_Init                    text3        006E
_UART_RX_Buffer               bssCOMMON    007A
_UART_Transmit_Char           text2        00A4
_UART_Transmit_String         text1        001A
__H__absolute__               __absolute__ 0000
__Habs1                       abs1         0000
__Hbank0                      bank0        0000
__Hbank1                      bank1        0000
__Hbank2                      bank2        0000
__Hbank3                      bank3        0000
__HbssCOMMON                  bssCOMMON    0000
__Hcinit                      cinit        001A
__Hclrtext                    clrtext      0000
__Hcode                       code         0000
__Hcommon                     common       0000
__Hconfig                     config       2008
__HcstackBANK0                cstackBANK0  0000
__HcstackCOMMON               cstackCOMMON 0000
__HdataCOMMON                 dataCOMMON   0000
__Heeprom_data                eeprom_data  0000
__Hend_init                   end_init     000F
__Hfunctab                    functab      0000
__HidataCOMMON                idataCOMMON  0000
__Hinit                       init         000C
__Hintentry                   intentry     000C
__Hmaintext                   maintext     0000
__Hpowerup                    powerup      0000
__Hram                        ram          0000
__Hreset_vec                  reset_vec    0003
__Hsfr0                       sfr0         0000
__Hsfr1                       sfr1         0000
__Hsfr2                       sfr2         0000
__Hsfr3                       sfr3         0000
__Hspace_0                    (abs)        00B0
__Hspace_1                    (abs)        007C
__Hspace_2                    (abs)        0000
__Hspace_3                    (abs)        0000
__Hspace_4                    (abs)        400F
__Hstack                      stack        0000
__Hstrings                    strings      0000
__Htext                       text         0000
__L__absolute__               __absolute__ 0000
__Labs1                       abs1         0000
__Lbank0                      bank0        0000
__Lbank1                      bank1        0000
__Lbank2                      bank2        0000
__Lbank3                      bank3        0000
__LbssCOMMON                  bssCOMMON    0000
__Lcinit                      cinit        000F
__Lclrtext                    clrtext      0000
__Lcode                       code         0000
__Lcommon                     common       0000
__Lconfig                     config       0000
__LcstackBANK0                cstackBANK0  0000
__LcstackCOMMON               cstackCOMMON 0000
__LdataCOMMON                 dataCOMMON   0000
__Leeprom_data                eeprom_data  0000
__Lend_init                   end_init     000C
__Lfunctab                    functab      0000
__LidataCOMMON                idataCOMMON  0000
__Linit                       init         000C
__Lintentry                   intentry     0004
__Lmaintext                   maintext     0000
__Lpowerup                    powerup      0000
__Lram                        ram          0000
__Lreset_vec                  reset_vec    0000
__Lsfr0                       sfr0         0000
__Lsfr1                       sfr1         0000
__Lsfr2                       sfr2         0000
__Lsfr3                       sfr3         0000
__Lspace_0                    (abs)        0000
__Lspace_1                    (abs)        0000
__Lspace_2                    (abs)        0000
__Lspace_3                    (abs)        0000
__Lspace_4                    (abs)        0000
__Lstack                      stack        0000
__Lstrings                    strings      0000
__Ltext                       text         0000
__S0                          (abs)        00B0
__S1                          (abs)        007C
__S3                          (abs)        0000
___int_sp                     stack        0000
___latbits                    (abs)        0002
___sp                         stack        0000
___stackhi                    (abs)        0000
___stacklo                    (abs)        0000
__end_of_ISR                  text4        00A4
__end_of_UART_Init            text3        0084
__end_of_UART_Transmit_Char   text2        00AF
__end_of_UART_Transmit_String text1        0048
__end_of__initialization      cinit        0016
__end_of__stringtab           strings      008A
__end_of_main                 maintext     006E
__initialization              cinit        000F
__pbssCOMMON                  bssCOMMON    007A
__pcstackBANK0                cstackBANK0  0020
__pcstackCOMMON               cstackCOMMON 0070
__pdataCOMMON                 dataCOMMON   007B
__pidataCOMMON                idataCOMMON  00AF
__pintentry                   intentry     0004
__pmaintext                   maintext     0048
__pstrings                    strings      0084
__ptext1                      text1        001A
__ptext2                      text2        00A4
__ptext3                      text3        006E
__ptext4                      text4        0094
__stringbase                  strings      0089
__stringtab                   strings      0084
_main                         maintext     0048
btemp                         (abs)        007E
end_of_initialization         cinit        0016
interrupt_function            intentry     0004
intlevel0                     functab      0000
intlevel1                     functab      0000
intlevel2                     functab      0000
intlevel3                     functab      0000
intlevel4                     functab      0000
intlevel5                     functab      0000
reset_vec                     reset_vec    0000
saved_w                       (abs)        007E
start                         init         000C
start_initialization          cinit        000F
wtemp0                        (abs)        007E


MODULE INFORMATION

Module		Function		Class		Link	Load	Size
newmain.c
		_ISR           		CODE           	0094	0000	16
		_UART_Init     		CODE           	006E	0000	22
		_main          		CODE           	0048	0000	38
		_UART_Transmit_Char		CODE           	00A4	0000	11
		_UART_Transmit_String		CODE           	001A	0000	46

newmain.c estimated size: 133

shared
		__stringtab    		STRING         	0084	0000	6
		__initialization		CODE           	000F	0000	7

shared estimated size: 13

